
There are no discarded input sections

Memory Configuration

Name             Origin             Length             Attributes
FLASH            0x08000000         0x00080000         xr
RAM              0x20000000         0x00020000         xrw
*default*        0x00000000         0xffffffff

Linker script and memory map

LOAD src/main.o
LOAD startup/startup_stm32f4.o

.isr_vector     0x08000000       0x40
 *(.isr_vector)
 .isr_vector    0x08000000       0x40 startup/startup_stm32f4.o
                0x08000000                g_pfnVectors

.text           0x08000040      0x17a
 *(.text*)
 .text          0x08000040       0xec src/main.o
                0x0800007c                SysTick_Handler
                0x08000098                main
 .text          0x0800012c        0x0 startup/startup_stm32f4.o
 .text.Reset_Handler
                0x0800012c       0x44 startup/startup_stm32f4.o
                0x0800012c                Reset_Handler
 .text.default_handler
                0x08000170        0x2 startup/startup_stm32f4.o
                0x08000170                HardFault_Handler
                0x08000170                PendSV_Handler
                0x08000170                NMI_Handler
                0x08000170                UsageFault_Handler
                0x08000170                MemManage_Handler
                0x08000170                SVC_Handler
                0x08000170                BusFault_Handler
                0x08000170                DebugMon_Handler
 *(.rodata*)
 *fill*         0x08000172        0x2 
 .rodata        0x08000174       0x46 src/main.o
                0x080001ba                        _sidata = LOADADDR (.data)

.glue_7         0x080001bc        0x0
 .glue_7        0x080001bc        0x0 linker stubs

.glue_7t        0x080001bc        0x0
 .glue_7t       0x080001bc        0x0 linker stubs

.vfp11_veneer   0x080001bc        0x0
 .vfp11_veneer  0x080001bc        0x0 linker stubs

.v4_bx          0x080001bc        0x0
 .v4_bx         0x080001bc        0x0 linker stubs

.iplt           0x080001bc        0x0
 .iplt          0x080001bc        0x0 src/main.o

.rel.dyn        0x080001bc        0x0
 .rel.iplt      0x080001bc        0x0 src/main.o

.data           0x20000000        0x4 load address 0x080001ba
                0x20000000                        _sdata = .
 *(.data*)
 .data          0x20000000        0x4 src/main.o
                0x20000000                initialized
 .data          0x20000004        0x0 startup/startup_stm32f4.o
                0x20000004                        _edata = .

.igot.plt       0x20000004        0x0 load address 0x080001be
 .igot.plt      0x20000004        0x0 src/main.o

.bss            0x20000004        0x8 load address 0x080001be
                0x20000004                        _sbss = .
 *(.bss*)
 .bss           0x20000004        0x8 src/main.o
                0x20000004                uninitialized
                0x20000008                systick_count
 .bss           0x2000000c        0x0 startup/startup_stm32f4.o
 *(COMMON)
                0x2000000c                        _ebss = .
                0x20020000                        _estack = (ORIGIN (RAM) + LENGTH (RAM))
OUTPUT(firmware.elf elf32-littlearm)
LOAD linker stubs

.debug_info     0x00000000      0x1c4
 .debug_info    0x00000000      0x1a1 src/main.o
 .debug_info    0x000001a1       0x23 startup/startup_stm32f4.o

.debug_abbrev   0x00000000      0x122
 .debug_abbrev  0x00000000      0x110 src/main.o
 .debug_abbrev  0x00000110       0x12 startup/startup_stm32f4.o

.debug_aranges  0x00000000       0x48
 .debug_aranges
                0x00000000       0x20 src/main.o
 .debug_aranges
                0x00000020       0x28 startup/startup_stm32f4.o

.debug_line     0x00000000      0x19b
 .debug_line    0x00000000      0x127 src/main.o
 .debug_line    0x00000127       0x74 startup/startup_stm32f4.o

.debug_str      0x00000000      0x1b6
 .debug_str     0x00000000      0x1b6 src/main.o
                                0x1d3 (size before relaxing)
 .debug_str     0x000001b6        0x0 startup/startup_stm32f4.o
                                 0x59 (size before relaxing)

.comment        0x00000000       0x45
 .comment       0x00000000       0x45 src/main.o
                                 0x46 (size before relaxing)

.ARM.attributes
                0x00000000       0x32
 .ARM.attributes
                0x00000000       0x34 src/main.o
 .ARM.attributes
                0x00000034       0x25 startup/startup_stm32f4.o

.debug_frame    0x00000000       0x9c
 .debug_frame   0x00000000       0x9c src/main.o

.debug_line_str
                0x00000000       0x4b
 .debug_line_str
                0x00000000       0x4b startup/startup_stm32f4.o

.debug_rnglists
                0x00000000       0x19
 .debug_rnglists
                0x00000000       0x19 startup/startup_stm32f4.o
