
There are no discarded input sections

Memory Configuration

Name             Origin             Length             Attributes
FLASH            0x08000000         0x00080000         xr
RAM              0x20000000         0x00020000         xrw
*default*        0x00000000         0xffffffff

Linker script and memory map

LOAD src/main.o
LOAD startup/startup_stm32f4.o

.isr_vector     0x08000000       0x40
 *(.isr_vector)
 .isr_vector    0x08000000       0x40 startup/startup_stm32f4.o
                0x08000000                g_pfnVectors

.text           0x08000040      0x18e
 *(.text*)
 .text          0x08000040      0x100 src/main.o
                0x0800007e                SysTick_Handler
                0x0800009c                main
 .text          0x08000140        0x0 startup/startup_stm32f4.o
 .text.Reset_Handler
                0x08000140       0x44 startup/startup_stm32f4.o
                0x08000140                Reset_Handler
 .text.default_handler
                0x08000184        0x2 startup/startup_stm32f4.o
                0x08000184                DebugMon_Handler
                0x08000184                HardFault_Handler
                0x08000184                PendSV_Handler
                0x08000184                NMI_Handler
                0x08000184                UsageFault_Handler
                0x08000184                MemManage_Handler
                0x08000184                SVC_Handler
                0x08000184                BusFault_Handler
 *(.rodata*)
 *fill*         0x08000186        0x2 
 .rodata        0x08000188       0x46 src/main.o
                0x080001ce                        _sidata = LOADADDR (.data)

.glue_7         0x080001d0        0x0
 .glue_7        0x080001d0        0x0 linker stubs

.glue_7t        0x080001d0        0x0
 .glue_7t       0x080001d0        0x0 linker stubs

.vfp11_veneer   0x080001d0        0x0
 .vfp11_veneer  0x080001d0        0x0 linker stubs

.v4_bx          0x080001d0        0x0
 .v4_bx         0x080001d0        0x0 linker stubs

.iplt           0x080001d0        0x0
 .iplt          0x080001d0        0x0 src/main.o

.rel.dyn        0x080001d0        0x0
 .rel.iplt      0x080001d0        0x0 src/main.o

.data           0x20000000        0x4 load address 0x080001ce
                0x20000000                        _sdata = .
 *(.data*)
 .data          0x20000000        0x4 src/main.o
                0x20000000                initialized
 .data          0x20000004        0x0 startup/startup_stm32f4.o
                0x20000004                        _edata = .

.igot.plt       0x20000004        0x0 load address 0x080001d2
 .igot.plt      0x20000004        0x0 src/main.o

.bss            0x20000004        0x8 load address 0x080001d2
                0x20000004                        _sbss = .
 *(.bss*)
 .bss           0x20000004        0x8 src/main.o
                0x20000004                uninitialized
                0x20000008                systick_count
 .bss           0x2000000c        0x0 startup/startup_stm32f4.o
 *(COMMON)
                0x2000000c                        _ebss = .
                0x20020000                        _estack = (ORIGIN (RAM) + LENGTH (RAM))
OUTPUT(firmware.elf elf32-littlearm)
LOAD linker stubs

.debug_info     0x00000000      0x1b0
 .debug_info    0x00000000      0x18d src/main.o
 .debug_info    0x0000018d       0x23 startup/startup_stm32f4.o

.debug_abbrev   0x00000000      0x11c
 .debug_abbrev  0x00000000      0x10a src/main.o
 .debug_abbrev  0x0000010a       0x12 startup/startup_stm32f4.o

.debug_aranges  0x00000000       0x48
 .debug_aranges
                0x00000000       0x20 src/main.o
 .debug_aranges
                0x00000020       0x28 startup/startup_stm32f4.o

.debug_line     0x00000000      0x154
 .debug_line    0x00000000       0xe0 src/main.o
 .debug_line    0x000000e0       0x74 startup/startup_stm32f4.o

.debug_str      0x00000000      0x1a7
 .debug_str     0x00000000      0x1a7 src/main.o
                                0x1c6 (size before relaxing)
 .debug_str     0x000001a7       0x55 startup/startup_stm32f4.o

.comment        0x00000000       0x26
 .comment       0x00000000       0x26 src/main.o
                                 0x27 (size before relaxing)

.ARM.attributes
                0x00000000       0x32
 .ARM.attributes
                0x00000000       0x34 src/main.o
 .ARM.attributes
                0x00000034       0x25 startup/startup_stm32f4.o

.debug_frame    0x00000000       0x9c
 .debug_frame   0x00000000       0x9c src/main.o

.debug_line_str
                0x00000000       0x49
 .debug_line_str
                0x00000000       0x49 startup/startup_stm32f4.o

.debug_rnglists
                0x00000000       0x19
 .debug_rnglists
                0x00000000       0x19 startup/startup_stm32f4.o
